
======================================================================
SAM BAYESIAN OPTIMIZATION - Tunnel 5-1 (complex_staggered)
======================================================================
Detected from geometry: 7 segments (radius=3.627m)
SAM BO for tunnel 5-1
Segment count: 7 (auto-detected)
Parameters: 18 (fixed: 2)
Fixed parameters: ['resolution', 'walk_order']
Eval numbering starts at: 5
Logs directory: /home/boringtao/Projects/Bayesian-R4Tun/bo/complex_staggered/logs

Search space: 18 parameters
N calls: 60, N initial: 10
Objective: mIoU (mean Intersection over Union)
Algorithm: forest_minimize (Random Forest surrogate)

Warm-starting from previous BO logs (estimated mIoU=0.2884):
  segment_width: 1288.9629
  angle_deg: 6.1420
  k_mask_width: 694.9228
  k_mask_height_pos: 649.2125
  k_mask_height_neg: 533.7498
  ab_mask_width: 524.9937
  ab_mask_height: 1529.6244
  padding: 166.0000
  crop_margin: 48.0000
  min_quality_threshold: 0.4604
  k_height: 972.5646
  ab_height: 3433.1993
  b1_height_top: 1769.2764
  b1_height_bottom_pos: 1400.2336
  b1_height_bottom_neg: 1847.6635
  b2_height_top_pos: 1585.2445
  b2_height_top_neg: 1733.4959
  b2_height_bottom: 1303.5332

Starting optimization...
Filtered 1692880 points with class > 7
  [Eval 5] New best mIoU: 0.2884 (OA=0.4553, F1=0.4222)
Filtered 1692880 points with class > 7
Filtered 1692880 points with class > 7
Filtered 1692880 points with class > 7
Filtered 1692880 points with class > 7
Filtered 1692880 points with class > 7
Filtered 1692880 points with class > 7
Filtered 1692880 points with class > 7
Filtered 1692880 points with class > 7
Filtered 1692880 points with class > 7
  [Eval 14] mIoU: 0.2705, OA=0.4362, F1=0.4030
Filtered 1692880 points with class > 7
Filtered 1692880 points with class > 7
Filtered 1692880 points with class > 7
Filtered 1692880 points with class > 7
Filtered 1692880 points with class > 7
Filtered 1692880 points with class > 7
Filtered 1692880 points with class > 7
Filtered 1692880 points with class > 7
Filtered 1692880 points with class > 7
Filtered 1692880 points with class > 7
  [Eval 24] mIoU: 0.2711, OA=0.4433, F1=0.3993
Filtered 1692880 points with class > 7
Filtered 1692880 points with class > 7
Filtered 1692880 points with class > 7
Filtered 1692880 points with class > 7
Filtered 1692880 points with class > 7
Filtered 1692880 points with class > 7
  [Eval 30] New best mIoU: 0.3029 (OA=0.4724, F1=0.4390)
Filtered 1692880 points with class > 7
Filtered 1692880 points with class > 7
Filtered 1692880 points with class > 7
Filtered 1692880 points with class > 7
  [Eval 34] mIoU: 0.2514, OA=0.4258, F1=0.3822
Filtered 1692880 points with class > 7
Filtered 1692880 points with class > 7
  [Eval 36] New best mIoU: 0.3039 (OA=0.4729, F1=0.4404)
Filtered 1692880 points with class > 7
Filtered 1692880 points with class > 7
Filtered 1692880 points with class > 7
Filtered 1692880 points with class > 7
Filtered 1692880 points with class > 7
Filtered 1692880 points with class > 7
Filtered 1692880 points with class > 7
Filtered 1692880 points with class > 7
  [Eval 44] mIoU: 0.2905, OA=0.4609, F1=0.4250
Filtered 1692880 points with class > 7
Filtered 1692880 points with class > 7
Filtered 1692880 points with class > 7
Filtered 1692880 points with class > 7
Filtered 1692880 points with class > 7
Filtered 1692880 points with class > 7
Filtered 1692880 points with class > 7
Filtered 1692880 points with class > 7
Filtered 1692880 points with class > 7
Filtered 1692880 points with class > 7
  [Eval 54] mIoU: 0.3007, OA=0.4748, F1=0.4344
Filtered 1692880 points with class > 7
Filtered 1692880 points with class > 7
Filtered 1692880 points with class > 7
Filtered 1692880 points with class > 7
Filtered 1692880 points with class > 7
Filtered 1692880 points with class > 7
Filtered 1692880 points with class > 7
Filtered 1692880 points with class > 7
Filtered 1692880 points with class > 7
Filtered 1692880 points with class > 7
  [Eval 64] mIoU: 0.2780, OA=0.4443, F1=0.4089

======================================================================
OPTIMIZATION COMPLETE
======================================================================
Best mIoU score: 0.3039

Best parameters:
  resolution: 0.005000
  walk_order: [['K', 0], ['B1', 1], ['A1', 1], ['A2', 1], ['A3', 1], ['A4', 1], ['B2', -1]]
  segment_width: 1228.939823
  angle_deg: 8.125521
  k_mask_width: 599.172192
  k_mask_height_pos: 662.876987
  k_mask_height_neg: 668.832778
  ab_mask_width: 745.710379
  ab_mask_height: 1788.820603
  padding: 229
  crop_margin: 50
  min_quality_threshold: 0.443096
  k_height: 1014.827211
  ab_height: 3500.655122
  b1_height_top: 1766.906988
  b1_height_bottom_pos: 1400.367863
  b1_height_bottom_neg: 1822.051328
  b2_height_top_pos: 1526.662892
  b2_height_top_neg: 1771.967713
  b2_height_bottom: 1657.204708
  use_quality_weighting: True

Saved parameters to: /home/boringtao/Projects/Bayesian-R4Tun/agents/complex_staggered/3_segmentation/parameters/5-1/parameters_sam.json
